contract: Contract(CAAAAAAAAAAAAAAAAAAAAAAAAAAAAAAAAAAAAAAAAAAAAAAAAAAAITA4)
topics: (Symbol(contract_called), Contract(CAAAAAAAAAAAAAAAAAAAAAAAAAAAAAAAAAAAAAAAAAAAAAAAAAAAYRE5), String(destination), String(CAAAAAAAAAAAAAAAAAAAAAAAAAAAAAAAAAAAAAAAAAAAAAAAAAABOHR6), BytesN<32>(57, 5, 211, 68, 113, 126, 253, 86, 36, 71, 164, 150, 14, 234, 148, 28, 18, 68, 173, 195, 31, 83, 82, 93, 14, 193, 57, 127, 246, 149, 28, 156))
data: (Bytes(222, 173))