contract: Contract(CAAAAAAAAAAAAAAAAAAAAAAAAAAAAAAAAAAAAAAAAAAAAAAAAAAAITA4)
topics: (Symbol(contract_called), Contract(CAAAAAAAAAAAAAAAAAAAAAAAAAAAAAAAAAAAAAAAAAAAAAAAAAAAXI7N), String(destination), String(CAAAAAAAAAAAAAAAAAAAAAAAAAAAAAAAAAAAAAAAAAAAAAAAAAABFO3O), BytesN<32>(160, 25, 21, 204, 150, 24, 176, 125, 78, 101, 121, 85, 21, 33, 225, 157, 173, 108, 218, 34, 118, 36, 49, 164, 191, 187, 162, 107, 156, 177, 122, 148))
data: (Bytes(153, 99, 23, 163, 249, 201, 2, 105, 213, 103))