GasAddedEvent {
    sender: Contract(CAAAAAAAAAAAAAAAAAAAAAAAAAAAAAAAAAAAAAAAAAAAAAAAAAAAK3IM),
    message_id: String(0xfded3f55dec47250a52a8c0bb7038e72fa6ffaae33562f77cd2b629ef7fd424d-0),
    spender: Contract(CAAAAAAAAAAAAAAAAAAAAAAAAAAAAAAAAAAAAAAAAAAAAAAAAAAAITA4),
    token: Token {
        address: Contract(CDS3FDGQ4JA2V3F26Y4BMWWJEC5TT26RJBN7KIQKUMVO2MAOCMDTSZ7A),
        amount: 1,
    },
}

Contract(CAAAAAAAAAAAAAAAAAAAAAAAAAAAAAAAAAAAAAAAAAAAAAAAAAAAHK3M)

gas_added {
    #[topic] sender: Address,
    #[topic] message_id: String,
    #[topic] spender: Address,
    #[topic] token: Token,
}