GasPaidEvent {
    sender: Contract(CAAAAAAAAAAAAAAAAAAAAAAAAAAAAAAAAAAAAAAAAAAAAAAAAAAAK3IM),
    destination_chain: String(ethereum),
    destination_address: String(CAAAAAAAAAAAAAAAAAAAAAAAAAAAAAAAAAAAAAAAAAAAAAAAAAAARQG5),
    payload_hash: BytesN<32>(86, 87, 13, 226, 135, 215, 60, 209, 203, 96, 146, 187, 143, 222, 230, 23, 57, 116, 149, 95, 222, 243, 69, 174, 87, 158, 233, 244, 117, 234, 116, 50),
    spender: Contract(CAAAAAAAAAAAAAAAAAAAAAAAAAAAAAAAAAAAAAAAAAAAAAAAAAAAITA4),
    token: Token {
        address: Contract(CDS3FDGQ4JA2V3F26Y4BMWWJEC5TT26RJBN7KIQKUMVO2MAOCMDTSZ7A),
        amount: 1,
    },
    metadata: Bytes(),
}

Contract(CAAAAAAAAAAAAAAAAAAAAAAAAAAAAAAAAAAAAAAAAAAAAAAAAAAAHK3M)

gas_paid {
    #[topic] sender: Address,
    #[topic] destination_chain: String,
    #[topic] destination_address: String,
    #[topic] payload_hash: BytesN < 32 >,
    #[topic] spender: Address,
    #[topic] token: Token,
    #[data]  metadata: Bytes,
}