contract: Contract(CAAAAAAAAAAAAAAAAAAAAAAAAAAAAAAAAAAAAAAAAAAAAAAAAAAAHK3M)
topics: (Symbol(gas_added), Contract(CAAAAAAAAAAAAAAAAAAAAAAAAAAAAAAAAAAAAAAAAAAAAAAAAAAAK3IM), String(0xfded3f55dec47250a52a8c0bb7038e72fa6ffaae33562f77cd2b629ef7fd424d-0), Contract(CAAAAAAAAAAAAAAAAAAAAAAAAAAAAAAAAAAAAAAAAAAAAAAAAAAAITA4), Token { address: Contract(CDS3FDGQ4JA2V3F26Y4BMWWJEC5TT26RJBN7KIQKUMVO2MAOCMDTSZ7A), amount: 1 })
data: ()