GasRefundedEvent {
    message_id: String(0xfded3f55dec47250a52a8c0bb7038e72fa6ffaae33562f77cd2b629ef7fd424d-0),
    receiver: Contract(CAAAAAAAAAAAAAAAAAAAAAAAAAAAAAAAAAAAAAAAAAAAAAAAAAAAMDR4),
    token: Token {
        address: Contract(CDLDVFKHEZ2RVB3NG4UQA4VPD3TSHV6XMHXMHP2BSGCJ2IIWVTOHGDSG),
        amount: 1,
    },
}

Contract(CAAAAAAAAAAAAAAAAAAAAAAAAAAAAAAAAAAAAAAAAAAAAAAAAAAAHK3M)

gas_refunded {
    #[topic] message_id: String,
    #[topic] receiver: Address,
    #[topic] token: Token,
}