#[contracttype] enum DataKey
{ Gateway, GasService, InterchainTokenService, Paused, } pub fn
gateway(env : & soroban_sdk :: Env) -> Option < Address >
{
    let key = DataKey :: Gateway; let value = env.storage().instance().get ::
    < _, Address > (& key); if value.is_some()
    { stellar_axelar_std :: ttl :: extend_instance_ttl(env); } value
} pub fn set_gateway(env : & soroban_sdk :: Env, value : & Address)
{
    let key = DataKey :: Gateway; env.storage().instance().set(& key, value);
    stellar_axelar_std :: ttl :: extend_instance_ttl(env);
} pub fn remove_gateway(env : & soroban_sdk :: Env)
{ env.storage().instance().remove(& DataKey :: Gateway); } pub fn
gas_service(env : & soroban_sdk :: Env) -> Option < Address >
{
    let key = DataKey :: GasService; let value = env.storage().instance().get
    :: < _, Address > (& key); if value.is_some()
    { stellar_axelar_std :: ttl :: extend_instance_ttl(env); } value
} pub fn set_gas_service(env : & soroban_sdk :: Env, value : & Address)
{
    let key = DataKey :: GasService;
    env.storage().instance().set(& key, value); stellar_axelar_std :: ttl ::
    extend_instance_ttl(env);
} pub fn remove_gas_service(env : & soroban_sdk :: Env)
{ env.storage().instance().remove(& DataKey :: GasService); } pub fn
interchain_token_service(env : & soroban_sdk :: Env) -> Option < Address >
{
    let key = DataKey :: InterchainTokenService; let value =
    env.storage().instance().get :: < _, Address > (& key); if value.is_some()
    { stellar_axelar_std :: ttl :: extend_instance_ttl(env); } value
} pub fn
set_interchain_token_service(env : & soroban_sdk :: Env, value : & Address)
{
    let key = DataKey :: InterchainTokenService;
    env.storage().instance().set(& key, value); stellar_axelar_std :: ttl ::
    extend_instance_ttl(env);
} pub fn remove_interchain_token_service(env : & soroban_sdk :: Env)
{ env.storage().instance().remove(& DataKey :: InterchainTokenService); } pub
fn paused(env : & soroban_sdk :: Env) -> bool
{ env.storage().instance().has(& DataKey :: Paused) } pub fn
set_paused(env : & soroban_sdk :: Env)
{ env.storage().instance().set(& DataKey :: Paused, & ()); } pub fn
remove_paused(env : & soroban_sdk :: Env)
{ env.storage().instance().remove(& DataKey :: Paused); }