TrustedChainSetEvent {
    chain: String(source),
}

Contract(CAAAAAAAAAAAAAAAAAAAAAAAAAAAAAAAAAAAAAAAAAAAAAAAAAABMPZO)

trusted_chain_set {
    #[topic] chain: String,
}

TrustedChainSetEvent {
    chain: String(destination),
}

Contract(CAAAAAAAAAAAAAAAAAAAAAAAAAAAAAAAAAAAAAAAAAAAAAAAAAAAXI7N)

trusted_chain_set {
    #[topic] chain: String,
}

MessageApprovedEvent {
    message: Message {
        source_chain: String(axelar),
        message_id: String(transfer-message-id),
        source_address: String(its_hub_address),
        contract_address: Contract(CAAAAAAAAAAAAAAAAAAAAAAAAAAAAAAAAAAAAAAAAAAAAAAAAAABMPZO),
        payload_hash: BytesN<32>(230, 214, 88, 245, 174, 248, 20, 10, 206, 50, 121, 178, 195, 199, 71, 151, 135, 243, 98, 124, 57, 80, 130, 70, 8, 193, 183, 238, 183, 231, 237, 240),
    },
}

Contract(CAAAAAAAAAAAAAAAAAAAAAAAAAAAAAAAAAAAAAAAAAAAAAAAAAAA6J5N)

message_approved {
    #[topic] message: Message,
}

TokenReceivedEvent {
    source_chain: String(source),
    message_id: String(transfer-message-id),
    source_address: Bytes(67, 65, 65, 65, 65, 65, 65, 65, 65, 65, 65, 65, 65, 65, 65, 65, 65, 65, 65, 65, 65, 65, 65, 65, 65, 65, 65, 65, 65, 65, 65, 65, 65, 65, 65, 65, 65, 65, 65, 65, 65, 65, 65, 65, 65, 65, 65, 65, 65, 65, 65, 65, 68, 50, 75, 77),
    token_id: BytesN<32>(218, 212, 203, 128, 137, 130, 221, 179, 31, 34, 53, 109, 192, 54, 96, 44, 142, 247, 158, 111, 122, 211, 198, 148, 166, 90, 189, 239, 251, 41, 20, 73),
    token_address: Contract(CD7FCTP5NDVVB6SOXIBBX2IBZ4W42IDKI43D653A6ZPSDW4RXRXJXLST),
    amount: 1000,
    payload: Bytes(67, 65, 65, 65, 65, 65, 65, 65, 65, 65, 65, 65, 65, 65, 65, 65, 65, 65, 65, 65, 65, 65, 65, 65, 65, 65, 65, 65, 65, 65, 65, 65, 65, 65, 65, 65, 65, 65, 65, 65, 65, 65, 65, 65, 65, 65, 65, 65, 65, 65, 65, 66, 84, 85, 71, 55),
}

Contract(CAAAAAAAAAAAAAAAAAAAAAAAAAAAAAAAAAAAAAAAAAAAAAAAAAABOHR6)

token_received {
    #[topic] source_chain: String,
    #[topic] message_id: String,
    #[topic] source_address: Bytes,
    #[topic] token_id: BytesN < 32 >,
    #[topic] token_address: Address,
    #[topic] amount: i128,
    #[data]  payload: Bytes,
}