TrustedChainSetEvent {
    chain: String(ethereum),
}

Contract(CAAAAAAAAAAAAAAAAAAAAAAAAAAAAAAAAAAAAAAAAAAAAAAAAAAAXI7N)

trusted_chain_set {
    #[topic] chain: String,
}

MessageApprovedEvent {
    message: Message {
        source_chain: String(axelar),
        message_id: String(message-id),
        source_address: String(its_hub_address),
        contract_address: Contract(CAAAAAAAAAAAAAAAAAAAAAAAAAAAAAAAAAAAAAAAAAAAAAAAAAAAXI7N),
        payload_hash: BytesN<32>(237, 149, 219, 250, 141, 232, 32, 82, 24, 198, 205, 234, 25, 38, 169, 223, 11, 147, 254, 36, 100, 116, 38, 89, 4, 52, 132, 200, 218, 56, 83, 209),
    },
}

Contract(CAAAAAAAAAAAAAAAAAAAAAAAAAAAAAAAAAAAAAAAAAAAAAAAAAAAITA4)

message_approved {
    #[topic] message: Message,
}

TokenReceivedEvent {
    source_chain: String(ethereum),
    message_id: String(message-id),
    source_address: Bytes(67, 65, 65, 65, 65, 65, 65, 65, 65, 65, 65, 65, 65, 65, 65, 65, 65, 65, 65, 65, 65, 65, 65, 65, 65, 65, 65, 65, 65, 65, 65, 65, 65, 65, 65, 65, 65, 65, 65, 65, 65, 65, 65, 65, 65, 65, 65, 65, 65, 65, 65, 65, 68, 50, 75, 77),
    token_id: BytesN<32>(19, 164, 112, 128, 76, 247, 2, 236, 196, 20, 87, 206, 58, 2, 208, 102, 225, 238, 175, 151, 45, 250, 47, 204, 76, 253, 158, 193, 68, 73, 208, 149),
    token_address: Contract(CC3SQJDCS3OA77SQI6ODO2FMMQHYS57O352TXNQ7EXE4AXVRPXX3WJ5U),
    amount: 1000,
    payload: Bytes(67, 65, 65, 65, 65, 65, 65, 65, 65, 65, 65, 65, 65, 65, 65, 65, 65, 65, 65, 65, 65, 65, 65, 65, 65, 65, 65, 65, 65, 65, 65, 65, 65, 65, 65, 65, 65, 65, 65, 65, 65, 65, 65, 65, 65, 65, 65, 65, 65, 65, 65, 65, 52, 66, 86, 53),
}

Contract(CAAAAAAAAAAAAAAAAAAAAAAAAAAAAAAAAAAAAAAAAAAAAAAAAAAAYRE5)

token_received {
    #[topic] source_chain: String,
    #[topic] message_id: String,
    #[topic] source_address: Bytes,
    #[topic] token_id: BytesN < 32 >,
    #[topic] token_address: Address,
    #[topic] amount: i128,
    #[data]  payload: Bytes,
}