contract: Contract(CAAAAAAAAAAAAAAAAAAAAAAAAAAAAAAAAAAAAAAAAAAAAAAAAAAAVAX5)
topics: (Symbol(token_deployment_started), BytesN<32>(112, 235, 39, 66, 82, 16, 99, 2, 198, 174, 69, 174, 17, 11, 97, 52, 125, 86, 193, 214, 97, 52, 22, 151, 30, 226, 238, 227, 114, 120, 173, 103), Contract(CCFPZOCU33AWX2NKX47XD6W5JNYFP7MU57DTQFB5XOOQSJLSSC4PMX25), String(ethereum), String(Stellar), String(XLM), 7, None)
data: ()