contract: Contract(CAAAAAAAAAAAAAAAAAAAAAAAAAAAAAAAAAAAAAAAAAAAAAAAAAAATYON)
topics: (Symbol(token_deployment_started), BytesN<32>(176, 82, 11, 134, 46, 148, 119, 103, 208, 219, 201, 52, 236, 230, 170, 39, 215, 103, 118, 78, 122, 72, 213, 57, 75, 143, 90, 231, 223, 12, 26, 102), Contract(CD6J4NTZEADXNETD2UY7ALD2N26RY35GGC73JSXXZB2GKB3ZTLR3Y4FH), String(ethereum), String(aaa:GAAAAAAAAAAAAAAAAAAAAAAAAAAAAAAAAAAAAAAAAAAAAAAAAAAA5FQE), String(aaa), 7, None)
data: ()