contract: Contract(CAAAAAAAAAAAAAAAAAAAAAAAAAAAAAAAAAAAAAAAAAAAAAAAAAAAVAX5)
topics: (Symbol(interchain_token_deployed), BytesN<32>(1, 1, 1, 1, 1, 1, 1, 1, 1, 1, 1, 1, 1, 1, 1, 1, 1, 1, 1, 1, 1, 1, 1, 1, 1, 1, 1, 1, 1, 1, 1, 1), Contract(CBAWP2LID52I5JPA77XDY5EX3ZIL3S4SVHZCMIYLG47ZT6MQQ44V5VVR), String(Test), String(TEST), 18, Some(Contract(CAAAAAAAAAAAAAAAAAAAAAAAAAAAAAAAAAAAAAAAAAAAAAAAAAAAXI7N)))
data: ()