contract: Contract(CAAAAAAAAAAAAAAAAAAAAAAAAAAAAAAAAAAAAAAAAAAAAAAAAAAAHK3M)
topics: (Symbol(message_approved), Message { source_chain: String(ethereum), message_id: String(test), source_address: String(0x4EFE356BEDeCC817cb89B4E9b796dB8bC188DC59), contract_address: Contract(CAAAAAAAAAAAAAAAAAAAAAAAAAAAAAAAAAAAAAAAAAAAAAAAAAAAITA4), payload_hash: BytesN<32>(212, 253, 78, 24, 145, 50, 39, 48, 54, 68, 159, 201, 225, 17, 152, 199, 57, 22, 27, 76, 1, 22, 169, 162, 220, 205, 250, 28, 73, 32, 6, 241) })
data: ()