contract: Contract(CAAAAAAAAAAAAAAAAAAAAAAAAAAAAAAAAAAAAAAAAAAAAAAAAAAAHK3M)
topics: (Symbol(message_approved), Message { source_chain: String(ethereum), message_id: String(test), source_address: String(0x4EFE356BEDeCC817cb89B4E9b796dB8bC188DC59), contract_address: Contract(CAAAAAAAAAAAAAAAAAAAAAAAAAAAAAAAAAAAAAAAAAAAAAAAAAAAITA4), payload_hash: BytesN<32>(231, 181, 160, 70, 251, 192, 212, 3, 168, 233, 16, 224, 37, 1, 161, 134, 96, 141, 131, 11, 51, 170, 98, 90, 56, 144, 18, 66, 143, 13, 26, 62) })
data: ()