TokenManagerDeployedEvent {
    token_id: BytesN<32>(109, 166, 189, 160, 172, 90, 4, 181, 216, 61, 219, 113, 117, 205, 99, 52, 22, 115, 242, 232, 242, 237, 220, 45, 215, 211, 154, 235, 33, 170, 162, 68),
    token_address: Contract(CAAAAAAAAAAAAAAAAAAAAAAAAAAAAAAAAAAAAAAAAAAAAAAAAAAAXI7N),
    token_manager: Contract(CCMET6VYX66Q4ATPQIG4ZE3ZZPMGROU34UT7NMO6FHDCOGJ5HOGTFHAD),
    token_manager_type: LockUnlock,
}

Contract(CAAAAAAAAAAAAAAAAAAAAAAAAAAAAAAAAAAAAAAAAAAAAAAAAAAAVAX5)

token_manager_deployed {
    #[topic] token_id: BytesN < 32 >,
    #[topic] token_address: Address,
    #[topic] token_manager: Address,
    #[topic] token_manager_type: TokenManagerType,
}